17:14:07 **** Build of configuration Debug for project 001HelloWorld ****
make -j12 all 
arm-none-eabi-gcc -mcpu=cortex-m4 -g3 -DDEBUG -c -x assembler-with-cpp -MMD -MP -MF"Startup/startup_stm32f407vgtx.d" -MT"Startup/startup_stm32f407vgtx.o" --specs=nano.specs -mfloat-abi=soft -mthumb -o "Startup/startup_stm32f407vgtx.o" "../Startup/startup_stm32f407vgtx.s"
arm-none-eabi-gcc "../Src/main.c" -mcpu=cortex-m4 -std=gnu11 -g3 -DDEBUG -DSTM32 -DSTM32F407G_DISC1 -DSTM32F4 -DSTM32F407VGTx -c -I../Inc -O0 -ffunction-sections -fdata-sections -Wall -fstack-usage -fcyclomatic-complexity -MMD -MP -MF"Src/main.d" -MT"Src/main.o" --specs=nano.specs -mfloat-abi=soft -mthumb -o "Src/main.o"
arm-none-eabi-gcc "../Src/syscalls.c" -mcpu=cortex-m4 -std=gnu11 -g3 -DDEBUG -DSTM32 -DSTM32F407G_DISC1 -DSTM32F4 -DSTM32F407VGTx -c -I../Inc -O0 -ffunction-sections -fdata-sections -Wall -fstack-usage -fcyclomatic-complexity -MMD -MP -MF"Src/syscalls.d" -MT"Src/syscalls.o" --specs=nano.specs -mfloat-abi=soft -mthumb -o "Src/syscalls.o"
arm-none-eabi-gcc "../Src/sysmem.c" -mcpu=cortex-m4 -std=gnu11 -g3 -DDEBUG -DSTM32 -DSTM32F407G_DISC1 -DSTM32F4 -DSTM32F407VGTx -c -I../Inc -O0 -ffunction-sections -fdata-sections -Wall -fstack-usage -fcyclomatic-complexity -MMD -MP -MF"Src/sysmem.d" -MT"Src/sysmem.o" --specs=nano.specs -mfloat-abi=soft -mthumb -o "Src/sysmem.o"
arm-none-eabi-gcc -o "001HelloWorld.elf" @"objects.list"   -mcpu=cortex-m4 -T"C:\Users\HP\OneDrive\Masaüstü\Embedded-C-Bootcamp\MCU1\001HelloWorld\STM32F407VGTX_FLASH.ld" --specs=nosys.specs -Wl,-Map="001HelloWorld.map" -Wl,--gc-sections -static --specs=nano.specs -mfloat-abi=soft -mthumb -Wl,--start-group -lc -lm -Wl,--end-group
Finished building target: 001HelloWorld.elf
 
arm-none-eabi-size  001HelloWorld.elf 
arm-none-eabi-objdump -h -S 001HelloWorld.elf  > "001HelloWorld.list"
   text	   data	    bss	    dec	    hex	filename
   4884	     92	   1900	   6876	   1adc	001HelloWorld.elf
Finished building: default.size.stdout
 
Finished building: 001HelloWorld.list
 
17:14:17 **** Incremental Build of configuration Debug for project 001HelloWorld ****
make -j12 all 
arm-none-eabi-size  001HelloWorld.elf 
   text	   data	    bss	    dec	    hex	filename
   4884	     92	   1900	   6876	   1adc	001HelloWorld.elf
Finished building: default.size.stdout
 
17:16:36 **** Incremental Build of configuration Debug for project 001HelloWorld ****
make -j12 all 
arm-none-eabi-gcc "../Src/main.c" -mcpu=cortex-m4 -std=gnu11 -g3 -DDEBUG -DSTM32 -DSTM32F407G_DISC1 -DSTM32F4 -DSTM32F407VGTx -c -I../Inc -O0 -ffunction-sections -fdata-sections -Wall -fstack-usage -fcyclomatic-complexity -MMD -MP -MF"Src/main.d" -MT"Src/main.o" --specs=nano.specs -mfloat-abi=soft -mthumb -o "Src/main.o"
arm-none-eabi-gcc -o "001HelloWorld.elf" @"objects.list"   -mcpu=cortex-m4 -T"C:\Users\HP\OneDrive\Masaüstü\Embedded-C-Bootcamp\MCU1\001HelloWorld\STM32F407VGTX_FLASH.ld" --specs=nosys.specs -Wl,-Map="001HelloWorld.map" -Wl,--gc-sections -static --specs=nano.specs -mfloat-abi=soft -mthumb -Wl,--start-group -lc -lm -Wl,--end-group
Finished building target: 001HelloWorld.elf
 
arm-none-eabi-size  001HelloWorld.elf 
arm-none-eabi-objdump -h -S 001HelloWorld.elf  > "001HelloWorld.list"
   text	   data	    bss	    dec	    hex	filename
   3384	     92	   1900	   5376	   1500	001HelloWorld.elf
Finished building: default.size.stdout
 
Finished building: 001HelloWorld.list
 
21:58:51 **** Build of configuration Debug for project 002SampleApp ****
make -j12 all 
arm-none-eabi-gcc -mcpu=cortex-m4 -g3 -DDEBUG -c -x assembler-with-cpp -MMD -MP -MF"Startup/startup_stm32f407vgtx.d" -MT"Startup/startup_stm32f407vgtx.o" --specs=nano.specs -mfpu=fpv4-sp-d16 -mfloat-abi=hard -mthumb -o "Startup/startup_stm32f407vgtx.o" "../Startup/startup_stm32f407vgtx.s"
arm-none-eabi-gcc "../Src/main.c" -mcpu=cortex-m4 -std=gnu11 -g3 -DDEBUG -DSTM32 -DSTM32F407G_DISC1 -DSTM32F4 -DSTM32F407VGTx -c -I../Inc -O0 -ffunction-sections -fdata-sections -Wall -fstack-usage -fcyclomatic-complexity -MMD -MP -MF"Src/main.d" -MT"Src/main.o" --specs=nano.specs -mfpu=fpv4-sp-d16 -mfloat-abi=hard -mthumb -o "Src/main.o"
arm-none-eabi-gcc "../Src/syscalls.c" -mcpu=cortex-m4 -std=gnu11 -g3 -DDEBUG -DSTM32 -DSTM32F407G_DISC1 -DSTM32F4 -DSTM32F407VGTx -c -I../Inc -O0 -ffunction-sections -fdata-sections -Wall -fstack-usage -fcyclomatic-complexity -MMD -MP -MF"Src/syscalls.d" -MT"Src/syscalls.o" --specs=nano.specs -mfpu=fpv4-sp-d16 -mfloat-abi=hard -mthumb -o "Src/syscalls.o"
arm-none-eabi-gcc "../Src/sysmem.c" -mcpu=cortex-m4 -std=gnu11 -g3 -DDEBUG -DSTM32 -DSTM32F407G_DISC1 -DSTM32F4 -DSTM32F407VGTx -c -I../Inc -O0 -ffunction-sections -fdata-sections -Wall -fstack-usage -fcyclomatic-complexity -MMD -MP -MF"Src/sysmem.d" -MT"Src/sysmem.o" --specs=nano.specs -mfpu=fpv4-sp-d16 -mfloat-abi=hard -mthumb -o "Src/sysmem.o"
arm-none-eabi-gcc -o "002SampleApp.elf" @"objects.list"   -mcpu=cortex-m4 -T"C:\Users\HP\OneDrive\Masaüstü\Embedded-C-Bootcamp\MCU1\002SampleApp\STM32F407VGTX_FLASH.ld" --specs=nosys.specs -Wl,-Map="002SampleApp.map" -Wl,--gc-sections -static --specs=nano.specs -mfpu=fpv4-sp-d16 -mfloat-abi=hard -mthumb -Wl,--start-group -lc -lm -Wl,--end-group
Finished building target: 002SampleApp.elf
 
arm-none-eabi-size  002SampleApp.elf 
arm-none-eabi-objdump -h -S 002SampleApp.elf  > "002SampleApp.list"
   text	   data	    bss	    dec	    hex	filename
   6232	    164	   1900	   8296	   2068	002SampleApp.elf
Finished building: default.size.stdout
 
Finished building: 002SampleApp.list
 
21:59:03 **** Incremental Build of configuration Debug for project 002SampleApp ****
make -j12 all 
arm-none-eabi-size  002SampleApp.elf 
   text	   data	    bss	    dec	    hex	filename
   6232	    164	   1900	   8296	   2068	002SampleApp.elf
Finished building: default.size.stdout
 
15:42:16 **** Incremental Build of configuration Debug for project 002SampleApp ****
make -j12 all 
arm-none-eabi-size  002SampleApp.elf 
   text	   data	    bss	    dec	    hex	filename
   6232	    164	   1900	   8296	   2068	002SampleApp.elf
Finished building: default.size.stdout
 
16:04:29 **** Incremental Build of configuration Debug for project 002SampleApp ****
make -j12 all 
arm-none-eabi-size  002SampleApp.elf 
   text	   data	    bss	    dec	    hex	filename
   6232	    164	   1900	   8296	   2068	002SampleApp.elf
Finished building: default.size.stdout
 
16:06:27 **** Incremental Build of configuration Debug for project 002SampleApp ****
make -j12 all 
arm-none-eabi-size  002SampleApp.elf 
   text	   data	    bss	    dec	    hex	filename
   6232	    164	   1900	   8296	   2068	002SampleApp.elf
Finished building: default.size.stdout
 
16:10:25 **** Incremental Build of configuration Debug for project 002SampleApp ****
make -j12 all 
arm-none-eabi-size  002SampleApp.elf 
   text	   data	    bss	    dec	    hex	filename
   6232	    164	   1900	   8296	   2068	002SampleApp.elf
Finished building: default.size.stdout
 
18:19:31 **** Incremental Build of configuration Debug for project 002SampleApp ****
make -j12 all 
arm-none-eabi-size  002SampleApp.elf 
   text	   data	    bss	    dec	    hex	filename
   6232	    164	   1900	   8296	   2068	002SampleApp.elf
Finished building: default.size.stdout
 
18:42:30 **** Incremental Build of configuration Debug for project 002SampleApp ****
make -j12 all 
arm-none-eabi-size  002SampleApp.elf 
   text	   data	    bss	    dec	    hex	filename
   6232	    164	   1900	   8296	   2068	002SampleApp.elf
Finished building: default.size.stdout
 
18:43:29 **** Incremental Build of configuration Debug for project 002SampleApp ****
make -j12 all 
arm-none-eabi-size  002SampleApp.elf 
   text	   data	    bss	    dec	    hex	filename
   6232	    164	   1900	   8296	   2068	002SampleApp.elf
Finished building: default.size.stdout
 
